###############################################################################
#
# IAR ELF Linker V8.20.1.14183/W32 for ARM                18/May/2021  19:13:39
# Copyright 2007-2017 IAR Systems AB.
#
#    Output file  =  
#        E:\D.学习资料\9、stm32f4开发板\Stm32f407_Poject_Demo_V1.0--(裸机工程)\project\Debug\Exe\stm32_os.out
#    Map file     =  
#        E:\D.学习资料\9、stm32f4开发板\Stm32f407_Poject_Demo_V1.0--(裸机工程)\project\Debug\List\stm32_os.map
#    Command line =  
#        -f C:\Users\ADMINI~1\AppData\Local\Temp\EW1C9C.tmp
#        ("E:\D.学习资料\9、stm32f4开发板\Stm32f407_Poject_Demo_V1.0--(裸机工程)\project\Debug\Obj\app.o"
#        "E:\D.学习资料\9、stm32f4开发板\Stm32f407_Poject_Demo_V1.0--(裸机工程)\project\Debug\Obj\device_term.o"
#        "E:\D.学习资料\9、stm32f4开发板\Stm32f407_Poject_Demo_V1.0--(裸机工程)\project\Debug\Obj\gpio.o"
#        "E:\D.学习资料\9、stm32f4开发板\Stm32f407_Poject_Demo_V1.0--(裸机工程)\project\Debug\Obj\pdebug.o"
#        "E:\D.学习资料\9、stm32f4开发板\Stm32f407_Poject_Demo_V1.0--(裸机工程)\project\Debug\Obj\startup_stm32f407xx.o"
#        "E:\D.学习资料\9、stm32f4开发板\Stm32f407_Poject_Demo_V1.0--(裸机工程)\project\Debug\Obj\stm32f4xx_hal.o"
#        "E:\D.学习资料\9、stm32f4开发板\Stm32f407_Poject_Demo_V1.0--(裸机工程)\project\Debug\Obj\stm32f4xx_hal_adc.o"
#        "E:\D.学习资料\9、stm32f4开发板\Stm32f407_Poject_Demo_V1.0--(裸机工程)\project\Debug\Obj\stm32f4xx_hal_adc_ex.o"
#        "E:\D.学习资料\9、stm32f4开发板\Stm32f407_Poject_Demo_V1.0--(裸机工程)\project\Debug\Obj\stm32f4xx_hal_can.o"
#        "E:\D.学习资料\9、stm32f4开发板\Stm32f407_Poject_Demo_V1.0--(裸机工程)\project\Debug\Obj\stm32f4xx_hal_cec.o"
#        "E:\D.学习资料\9、stm32f4开发板\Stm32f407_Poject_Demo_V1.0--(裸机工程)\project\Debug\Obj\stm32f4xx_hal_cortex.o"
#        "E:\D.学习资料\9、stm32f4开发板\Stm32f407_Poject_Demo_V1.0--(裸机工程)\project\Debug\Obj\stm32f4xx_hal_crc.o"
#        "E:\D.学习资料\9、stm32f4开发板\Stm32f407_Poject_Demo_V1.0--(裸机工程)\project\Debug\Obj\stm32f4xx_hal_cryp.o"
#        "E:\D.学习资料\9、stm32f4开发板\Stm32f407_Poject_Demo_V1.0--(裸机工程)\project\Debug\Obj\stm32f4xx_hal_cryp_ex.o"
#        "E:\D.学习资料\9、stm32f4开发板\Stm32f407_Poject_Demo_V1.0--(裸机工程)\project\Debug\Obj\stm32f4xx_hal_dac.o"
#        "E:\D.学习资料\9、stm32f4开发板\Stm32f407_Poject_Demo_V1.0--(裸机工程)\project\Debug\Obj\stm32f4xx_hal_dac_ex.o"
#        "E:\D.学习资料\9、stm32f4开发板\Stm32f407_Poject_Demo_V1.0--(裸机工程)\project\Debug\Obj\stm32f4xx_hal_dcmi.o"
#        "E:\D.学习资料\9、stm32f4开发板\Stm32f407_Poject_Demo_V1.0--(裸机工程)\project\Debug\Obj\stm32f4xx_hal_dcmi_ex.o"
#        "E:\D.学习资料\9、stm32f4开发板\Stm32f407_Poject_Demo_V1.0--(裸机工程)\project\Debug\Obj\stm32f4xx_hal_dfsdm.o"
#        "E:\D.学习资料\9、stm32f4开发板\Stm32f407_Poject_Demo_V1.0--(裸机工程)\project\Debug\Obj\stm32f4xx_hal_dma.o"
#        "E:\D.学习资料\9、stm32f4开发板\Stm32f407_Poject_Demo_V1.0--(裸机工程)\project\Debug\Obj\stm32f4xx_hal_dma2d.o"
#        "E:\D.学习资料\9、stm32f4开发板\Stm32f407_Poject_Demo_V1.0--(裸机工程)\project\Debug\Obj\stm32f4xx_hal_dma_ex.o"
#        "E:\D.学习资料\9、stm32f4开发板\Stm32f407_Poject_Demo_V1.0--(裸机工程)\project\Debug\Obj\stm32f4xx_hal_dsi.o"
#        "E:\D.学习资料\9、stm32f4开发板\Stm32f407_Poject_Demo_V1.0--(裸机工程)\project\Debug\Obj\stm32f4xx_hal_eth.o"
#        "E:\D.学习资料\9、stm32f4开发板\Stm32f407_Poject_Demo_V1.0--(裸机工程)\project\Debug\Obj\stm32f4xx_hal_exti.o"
#        "E:\D.学习资料\9、stm32f4开发板\Stm32f407_Poject_Demo_V1.0--(裸机工程)\project\Debug\Obj\stm32f4xx_hal_flash.o"
#        "E:\D.学习资料\9、stm32f4开发板\Stm32f407_Poject_Demo_V1.0--(裸机工程)\project\Debug\Obj\stm32f4xx_hal_flash_ex.o"
#        "E:\D.学习资料\9、stm32f4开发板\Stm32f407_Poject_Demo_V1.0--(裸机工程)\project\Debug\Obj\stm32f4xx_hal_flash_ramfunc.o"
#        "E:\D.学习资料\9、stm32f4开发板\Stm32f407_Poject_Demo_V1.0--(裸机工程)\project\Debug\Obj\stm32f4xx_hal_fmpi2c.o"
#        "E:\D.学习资料\9、stm32f4开发板\Stm32f407_Poject_Demo_V1.0--(裸机工程)\project\Debug\Obj\stm32f4xx_hal_fmpi2c_ex.o"
#        "E:\D.学习资料\9、stm32f4开发板\Stm32f407_Poject_Demo_V1.0--(裸机工程)\project\Debug\Obj\stm32f4xx_hal_fmpsmbus.o"
#        "E:\D.学习资料\9、stm32f4开发板\Stm32f407_Poject_Demo_V1.0--(裸机工程)\project\Debug\Obj\stm32f4xx_hal_fmpsmbus_ex.o"
#        "E:\D.学习资料\9、stm32f4开发板\Stm32f407_Poject_Demo_V1.0--(裸机工程)\project\Debug\Obj\stm32f4xx_hal_gpio.o"
#        "E:\D.学习资料\9、stm32f4开发板\Stm32f407_Poject_Demo_V1.0--(裸机工程)\project\Debug\Obj\stm32f4xx_hal_hash.o"
#        "E:\D.学习资料\9、stm32f4开发板\Stm32f407_Poject_Demo_V1.0--(裸机工程)\project\Debug\Obj\stm32f4xx_hal_hash_ex.o"
#        "E:\D.学习资料\9、stm32f4开发板\Stm32f407_Poject_Demo_V1.0--(裸机工程)\project\Debug\Obj\stm32f4xx_hal_hcd.o"
#        "E:\D.学习资料\9、stm32f4开发板\Stm32f407_Poject_Demo_V1.0--(裸机工程)\project\Debug\Obj\stm32f4xx_hal_i2c.o"
#        "E:\D.学习资料\9、stm32f4开发板\Stm32f407_Poject_Demo_V1.0--(裸机工程)\project\Debug\Obj\stm32f4xx_hal_i2c_ex.o"
#        "E:\D.学习资料\9、stm32f4开发板\Stm32f407_Poject_Demo_V1.0--(裸机工程)\project\Debug\Obj\stm32f4xx_hal_i2s.o"
#        "E:\D.学习资料\9、stm32f4开发板\Stm32f407_Poject_Demo_V1.0--(裸机工程)\project\Debug\Obj\stm32f4xx_hal_i2s_ex.o"
#        "E:\D.学习资料\9、stm32f4开发板\Stm32f407_Poject_Demo_V1.0--(裸机工程)\project\Debug\Obj\stm32f4xx_hal_irda.o"
#        "E:\D.学习资料\9、stm32f4开发板\Stm32f407_Poject_Demo_V1.0--(裸机工程)\project\Debug\Obj\stm32f4xx_hal_iwdg.o"
#        "E:\D.学习资料\9、stm32f4开发板\Stm32f407_Poject_Demo_V1.0--(裸机工程)\project\Debug\Obj\stm32f4xx_hal_lptim.o"
#        "E:\D.学习资料\9、stm32f4开发板\Stm32f407_Poject_Demo_V1.0--(裸机工程)\project\Debug\Obj\stm32f4xx_hal_ltdc.o"
#        "E:\D.学习资料\9、stm32f4开发板\Stm32f407_Poject_Demo_V1.0--(裸机工程)\project\Debug\Obj\stm32f4xx_hal_ltdc_ex.o"
#        "E:\D.学习资料\9、stm32f4开发板\Stm32f407_Poject_Demo_V1.0--(裸机工程)\project\Debug\Obj\stm32f4xx_hal_mmc.o"
#        "E:\D.学习资料\9、stm32f4开发板\Stm32f407_Poject_Demo_V1.0--(裸机工程)\project\Debug\Obj\stm32f4xx_hal_msp_template.o"
#        "E:\D.学习资料\9、stm32f4开发板\Stm32f407_Poject_Demo_V1.0--(裸机工程)\project\Debug\Obj\stm32f4xx_hal_nand.o"
#        "E:\D.学习资料\9、stm32f4开发板\Stm32f407_Poject_Demo_V1.0--(裸机工程)\project\Debug\Obj\stm32f4xx_hal_nor.o"
#        "E:\D.学习资料\9、stm32f4开发板\Stm32f407_Poject_Demo_V1.0--(裸机工程)\project\Debug\Obj\stm32f4xx_hal_pccard.o"
#        "E:\D.学习资料\9、stm32f4开发板\Stm32f407_Poject_Demo_V1.0--(裸机工程)\project\Debug\Obj\stm32f4xx_hal_pcd.o"
#        "E:\D.学习资料\9、stm32f4开发板\Stm32f407_Poject_Demo_V1.0--(裸机工程)\project\Debug\Obj\stm32f4xx_hal_pcd_ex.o"
#        "E:\D.学习资料\9、stm32f4开发板\Stm32f407_Poject_Demo_V1.0--(裸机工程)\project\Debug\Obj\stm32f4xx_hal_pwr.o"
#        "E:\D.学习资料\9、stm32f4开发板\Stm32f407_Poject_Demo_V1.0--(裸机工程)\project\Debug\Obj\stm32f4xx_hal_pwr_ex.o"
#        "E:\D.学习资料\9、stm32f4开发板\Stm32f407_Poject_Demo_V1.0--(裸机工程)\project\Debug\Obj\stm32f4xx_hal_qspi.o"
#        "E:\D.学习资料\9、stm32f4开发板\Stm32f407_Poject_Demo_V1.0--(裸机工程)\project\Debug\Obj\stm32f4xx_hal_rcc.o"
#        "E:\D.学习资料\9、stm32f4开发板\Stm32f407_Poject_Demo_V1.0--(裸机工程)\project\Debug\Obj\stm32f4xx_hal_rcc_ex.o"
#        "E:\D.学习资料\9、stm32f4开发板\Stm32f407_Poject_Demo_V1.0--(裸机工程)\project\Debug\Obj\stm32f4xx_hal_rng.o"
#        "E:\D.学习资料\9、stm32f4开发板\Stm32f407_Poject_Demo_V1.0--(裸机工程)\project\Debug\Obj\stm32f4xx_hal_rtc.o"
#        "E:\D.学习资料\9、stm32f4开发板\Stm32f407_Poject_Demo_V1.0--(裸机工程)\project\Debug\Obj\stm32f4xx_hal_rtc_ex.o"
#        "E:\D.学习资料\9、stm32f4开发板\Stm32f407_Poject_Demo_V1.0--(裸机工程)\project\Debug\Obj\stm32f4xx_hal_sai.o"
#        "E:\D.学习资料\9、stm32f4开发板\Stm32f407_Poject_Demo_V1.0--(裸机工程)\project\Debug\Obj\stm32f4xx_hal_sai_ex.o"
#        "E:\D.学习资料\9、stm32f4开发板\Stm32f407_Poject_Demo_V1.0--(裸机工程)\project\Debug\Obj\stm32f4xx_hal_sd.o"
#        "E:\D.学习资料\9、stm32f4开发板\Stm32f407_Poject_Demo_V1.0--(裸机工程)\project\Debug\Obj\stm32f4xx_hal_sdram.o"
#        "E:\D.学习资料\9、stm32f4开发板\Stm32f407_Poject_Demo_V1.0--(裸机工程)\project\Debug\Obj\stm32f4xx_hal_smartcard.o"
#        "E:\D.学习资料\9、stm32f4开发板\Stm32f407_Poject_Demo_V1.0--(裸机工程)\project\Debug\Obj\stm32f4xx_hal_smbus.o"
#        "E:\D.学习资料\9、stm32f4开发板\Stm32f407_Poject_Demo_V1.0--(裸机工程)\project\Debug\Obj\stm32f4xx_hal_spdifrx.o"
#        "E:\D.学习资料\9、stm32f4开发板\Stm32f407_Poject_Demo_V1.0--(裸机工程)\project\Debug\Obj\stm32f4xx_hal_spi.o"
#        "E:\D.学习资料\9、stm32f4开发板\Stm32f407_Poject_Demo_V1.0--(裸机工程)\project\Debug\Obj\stm32f4xx_hal_sram.o"
#        "E:\D.学习资料\9、stm32f4开发板\Stm32f407_Poject_Demo_V1.0--(裸机工程)\project\Debug\Obj\stm32f4xx_hal_tim.o"
#        "E:\D.学习资料\9、stm32f4开发板\Stm32f407_Poject_Demo_V1.0--(裸机工程)\project\Debug\Obj\stm32f4xx_hal_tim_ex.o"
#        "E:\D.学习资料\9、stm32f4开发板\Stm32f407_Poject_Demo_V1.0--(裸机工程)\project\Debug\Obj\stm32f4xx_hal_uart.o"
#        "E:\D.学习资料\9、stm32f4开发板\Stm32f407_Poject_Demo_V1.0--(裸机工程)\project\Debug\Obj\stm32f4xx_hal_usart.o"
#        "E:\D.学习资料\9、stm32f4开发板\Stm32f407_Poject_Demo_V1.0--(裸机工程)\project\Debug\Obj\stm32f4xx_hal_wwdg.o"
#        "E:\D.学习资料\9、stm32f4开发板\Stm32f407_Poject_Demo_V1.0--(裸机工程)\project\Debug\Obj\sysclk.o"
#        "E:\D.学习资料\9、stm32f4开发板\Stm32f407_Poject_Demo_V1.0--(裸机工程)\project\Debug\Obj\system_stm32f4xx.o"
#        -o
#        "E:\D.学习资料\9、stm32f4开发板\Stm32f407_Poject_Demo_V1.0--(裸机工程)\project\Debug\Exe\stm32_os.out"
#        --map
#        "E:\D.学习资料\9、stm32f4开发板\Stm32f407_Poject_Demo_V1.0--(裸机工程)\project\Debug\List\stm32_os.map"
#        --config F:\stm32f407xx_flash.icf --semihosting --entry
#        __iar_program_start --vfe --text_out locale)
#
###############################################################################

*******************************************************************************
*** RUNTIME MODEL ATTRIBUTES
***

CppFlavor       = *
__SystemLibrary = DLib
__dlib_version  = 6


*******************************************************************************
*** HEAP SELECTION
***

The basic heap was selected because no calls to memory allocation
functions were found in the application outside of system library
functions, and there are calls to deallocation functions in the
application.


*******************************************************************************
*** PLACEMENT SUMMARY
***

"A0":  place at 0x08000000 { ro section .intvec };
"P1":  place in [from 0x08000000 to 0x080fffff] { ro };
define block CSTACK with size = 1K, alignment = 8 { };
define block HEAP with size = 512, alignment = 8 { };
"P2":  place in [from 0x20000000 to 0x2001ffff] {
          rw, block CSTACK, block HEAP };
initialize by copy { rw };

  Section            Kind        Address    Size  Object
  -------            ----        -------    ----  ------
"A0":                                      0x188
  .intvec            ro code  0x08000000   0x188  startup_stm32f407xx.o [1]
                            - 0x08000188   0x188

"P1":                                     0x131c
  .text              ro code  0x08000188   0x414  stm32f4xx_hal_rcc.o [1]
  .text              ro code  0x0800059c     0xc  stm32f4xx_hal.o [1]
  .text              ro code  0x080005a8   0x244  gpio.o [1]
  .text              ro code  0x080007ec     0x6  ABImemclr4.o [5]
  .text              ro code  0x080007f4   0x238  stm32f4xx_hal_gpio.o [1]
  .text              ro code  0x08000a2c    0x32  ABImemset48.o [5]
  .text              ro code  0x08000a60   0x22e  I64DivMod.o [5]
  .text              ro code  0x08000c90     0x2  I64DivZer.o [5]
  .text              ro code  0x08000c94   0x1ec  stm32f4xx_hal_rcc.o [1]
  .text              ro code  0x08000e80    0x4c  stm32f4xx_hal.o [1]
  .text              ro code  0x08000ecc   0x124  stm32f4xx_hal_cortex.o [1]
  .text              ro code  0x08000ff0   0x13a  sysclk.o [1]
  .text              ro code  0x0800112c    0x4c  stm32f4xx_hal.o [1]
  .text              ro code  0x08001178     0x2  stm32f4xx_hal_msp_template.o [1]
  .text              ro code  0x0800117c    0x88  device_term.o [1]
  .text              ro code  0x08001204    0x2c  copy_init3.o [5]
  .text              ro code  0x08001230    0x28  data_init.o [5]
  .text              ro code  0x08001258    0x22  fpinit_M.o [4]
  .iar.init_table    const    0x0800127c    0x14  - Linker created -
  .text              ro code  0x08001290    0x1e  cmain.o [5]
  .text              ro code  0x080012ae     0x4  low_level_init.o [3]
  .text              ro code  0x080012b2    0x16  app.o [1]
  .text              ro code  0x080012c8     0x4  exit.o [3]
  .text              ro code  0x080012cc     0xa  cexit.o [5]
  .text              ro code  0x080012d8    0x14  exit.o [6]
  .text              ro code  0x080012ec    0x14  system_stm32f4xx.o [1]
  .rodata            const    0x08001300    0x10  system_stm32f4xx.o [1]
  .text              ro code  0x08001310    0x10  startup_stm32f407xx.o [1]
  Initializer bytes  const    0x08001320    0x10  <for P2-1>
  .text              ro code  0x08001330     0xc  cstartup_M.o [5]
  .text              ro code  0x0800133c     0x4  startup_stm32f407xx.o [1]
  .text              ro code  0x08001340     0x4  startup_stm32f407xx.o [1]
  .text              ro code  0x08001344     0x4  startup_stm32f407xx.o [1]
  .text              ro code  0x08001348     0x4  startup_stm32f407xx.o [1]
  .text              ro code  0x0800134c     0x4  startup_stm32f407xx.o [1]
  .text              ro code  0x08001350     0x4  startup_stm32f407xx.o [1]
  .text              ro code  0x08001354     0x4  startup_stm32f407xx.o [1]
  .text              ro code  0x08001358     0x4  startup_stm32f407xx.o [1]
  .text              ro code  0x0800135c     0x4  startup_stm32f407xx.o [1]
  .text              ro code  0x08001360     0x4  startup_stm32f407xx.o [1]
  .text              ro code  0x08001364     0x4  startup_stm32f407xx.o [1]
  .text              ro code  0x08001368     0x4  startup_stm32f407xx.o [1]
  .text              ro code  0x0800136c     0x4  startup_stm32f407xx.o [1]
  .text              ro code  0x08001370     0x4  startup_stm32f407xx.o [1]
  .text              ro code  0x08001374     0x4  startup_stm32f407xx.o [1]
  .text              ro code  0x08001378     0x4  startup_stm32f407xx.o [1]
  .text              ro code  0x0800137c     0x4  startup_stm32f407xx.o [1]
  .text              ro code  0x08001380     0x4  startup_stm32f407xx.o [1]
  .text              ro code  0x08001384     0x4  startup_stm32f407xx.o [1]
  .text              ro code  0x08001388     0x4  startup_stm32f407xx.o [1]
  .text              ro code  0x0800138c     0x4  startup_stm32f407xx.o [1]
  .text              ro code  0x08001390     0x4  startup_stm32f407xx.o [1]
  .text              ro code  0x08001394     0x4  startup_stm32f407xx.o [1]
  .text              ro code  0x08001398     0x4  startup_stm32f407xx.o [1]
  .text              ro code  0x0800139c     0x4  startup_stm32f407xx.o [1]
  .text              ro code  0x080013a0     0x4  startup_stm32f407xx.o [1]
  .text              ro code  0x080013a4     0x4  startup_stm32f407xx.o [1]
  .text              ro code  0x080013a8     0x4  startup_stm32f407xx.o [1]
  .text              ro code  0x080013ac     0x4  startup_stm32f407xx.o [1]
  .text              ro code  0x080013b0     0x4  startup_stm32f407xx.o [1]
  .text              ro code  0x080013b4     0x4  startup_stm32f407xx.o [1]
  .text              ro code  0x080013b8     0x4  startup_stm32f407xx.o [1]
  .text              ro code  0x080013bc     0x4  startup_stm32f407xx.o [1]
  .text              ro code  0x080013c0     0x4  startup_stm32f407xx.o [1]
  .text              ro code  0x080013c4     0x4  startup_stm32f407xx.o [1]
  .text              ro code  0x080013c8     0x4  startup_stm32f407xx.o [1]
  .text              ro code  0x080013cc     0x4  startup_stm32f407xx.o [1]
  .text              ro code  0x080013d0     0x4  startup_stm32f407xx.o [1]
  .text              ro code  0x080013d4     0x4  startup_stm32f407xx.o [1]
  .text              ro code  0x080013d8     0x4  startup_stm32f407xx.o [1]
  .text              ro code  0x080013dc     0x4  startup_stm32f407xx.o [1]
  .text              ro code  0x080013e0     0x4  startup_stm32f407xx.o [1]
  .text              ro code  0x080013e4     0x4  startup_stm32f407xx.o [1]
  .text              ro code  0x080013e8     0x4  startup_stm32f407xx.o [1]
  .text              ro code  0x080013ec     0x4  startup_stm32f407xx.o [1]
  .text              ro code  0x080013f0     0x4  startup_stm32f407xx.o [1]
  .text              ro code  0x080013f4     0x4  startup_stm32f407xx.o [1]
  .text              ro code  0x080013f8     0x4  startup_stm32f407xx.o [1]
  .text              ro code  0x080013fc     0x4  startup_stm32f407xx.o [1]
  .text              ro code  0x08001400     0x4  startup_stm32f407xx.o [1]
  .text              ro code  0x08001404     0x4  startup_stm32f407xx.o [1]
  .text              ro code  0x08001408     0x4  startup_stm32f407xx.o [1]
  .text              ro code  0x0800140c     0x4  startup_stm32f407xx.o [1]
  .text              ro code  0x08001410     0x4  startup_stm32f407xx.o [1]
  .text              ro code  0x08001414     0x4  startup_stm32f407xx.o [1]
  .text              ro code  0x08001418     0x4  startup_stm32f407xx.o [1]
  .text              ro code  0x0800141c     0x4  startup_stm32f407xx.o [1]
  .text              ro code  0x08001420     0x4  startup_stm32f407xx.o [1]
  .text              ro code  0x08001424     0x4  startup_stm32f407xx.o [1]
  .text              ro code  0x08001428     0x4  startup_stm32f407xx.o [1]
  .text              ro code  0x0800142c     0x4  startup_stm32f407xx.o [1]
  .text              ro code  0x08001430     0x4  startup_stm32f407xx.o [1]
  .text              ro code  0x08001434     0x4  startup_stm32f407xx.o [1]
  .text              ro code  0x08001438     0x4  startup_stm32f407xx.o [1]
  .text              ro code  0x0800143c     0x4  startup_stm32f407xx.o [1]
  .text              ro code  0x08001440     0x4  startup_stm32f407xx.o [1]
  .text              ro code  0x08001444     0x4  startup_stm32f407xx.o [1]
  .text              ro code  0x08001448     0x4  startup_stm32f407xx.o [1]
  .text              ro code  0x0800144c     0x4  startup_stm32f407xx.o [1]
  .text              ro code  0x08001450     0x4  startup_stm32f407xx.o [1]
  .text              ro code  0x08001454     0x4  startup_stm32f407xx.o [1]
  .text              ro code  0x08001458     0x4  startup_stm32f407xx.o [1]
  .text              ro code  0x0800145c     0x4  startup_stm32f407xx.o [1]
  .text              ro code  0x08001460     0x4  startup_stm32f407xx.o [1]
  .text              ro code  0x08001464     0x4  startup_stm32f407xx.o [1]
  .text              ro code  0x08001468     0x4  startup_stm32f407xx.o [1]
  .text              ro code  0x0800146c     0x4  startup_stm32f407xx.o [1]
  .text              ro code  0x08001470     0x4  startup_stm32f407xx.o [1]
  .text              ro code  0x08001474     0x4  startup_stm32f407xx.o [1]
  .text              ro code  0x08001478     0x4  startup_stm32f407xx.o [1]
  .text              ro code  0x0800147c     0x4  startup_stm32f407xx.o [1]
  .text              ro code  0x08001480     0x4  startup_stm32f407xx.o [1]
  .text              ro code  0x08001484     0x4  startup_stm32f407xx.o [1]
  .text              ro code  0x08001488     0x4  startup_stm32f407xx.o [1]
  .text              ro code  0x0800148c     0x4  startup_stm32f407xx.o [1]
  .text              ro code  0x08001490     0x4  startup_stm32f407xx.o [1]
  .text              ro code  0x08001494     0x4  startup_stm32f407xx.o [1]
  .text              ro code  0x08001498     0x4  startup_stm32f407xx.o [1]
  .text              ro code  0x0800149c     0x4  startup_stm32f407xx.o [1]
  .text              ro code  0x080014a0     0x4  startup_stm32f407xx.o [1]
  .rodata            const    0x080014a4     0x0  copy_init3.o [5]
                            - 0x080014a4  0x131c

"P2", part 1 of 2:                          0x10
  P2-1                        0x20000000     0xe  <Init block>
    .data            inited   0x20000000     0x4  stm32f4xx_hal.o [1]
    .data            inited   0x20000004     0x4  system_stm32f4xx.o [1]
    .bss             inited   0x20000008     0x4  stm32f4xx_hal.o [1]
    .data            inited   0x2000000c     0x1  stm32f4xx_hal.o [1]
    .bss             inited   0x2000000d     0x1  sysclk.o [1]
                            - 0x2000000e     0xe

"P2", part 2 of 2:                         0x400
  CSTACK                      0x20000010   0x400  <Block>
    CSTACK           uninit   0x20000010   0x400  <Block tail>
                            - 0x20000410   0x400


*******************************************************************************
*** INIT TABLE
***

          Address     Size
          -------     ----
Copy (__iar_copy_init3)
    1 source range, total size 0x10 (114% of destination):
          0x08001320  0x10
    1 destination range, total size 0xe:
          0x20000000   0xe



*******************************************************************************
*** MODULE SUMMARY
***

    Module                        ro code  ro data  rw data
    ------                        -------  -------  -------
E:\D.学习资料\9、stm32f4开发板\Stm32f407_Poject_Demo_V1.0--(裸机工程)\project\Debug\Obj: [1]
    app.o                              22
    device_term.o                     136
    gpio.o                            580
    startup_stm32f407xx.o             768
    stm32f4xx_hal.o                   164        9        9
    stm32f4xx_hal_cortex.o            292
    stm32f4xx_hal_gpio.o              568
    stm32f4xx_hal_msp_template.o        2
    stm32f4xx_hal_rcc.o             1 536
    sysclk.o                          314        1        1
    system_stm32f4xx.o                 20       20        4
    -------------------------------------------------------
    Total:                          4 402       30       14

command line: [2]
    -------------------------------------------------------
    Total:

dl7M_tln.a: [3]
    exit.o                              4
    low_level_init.o                    4
    -------------------------------------------------------
    Total:                              8

m7M_tls.a: [4]
    fpinit_M.o                         34
    -------------------------------------------------------
    Total:                             34

rt7M_tl.a: [5]
    ABImemclr4.o                        6
    ABImemset48.o                      50
    I64DivMod.o                       558
    I64DivZer.o                         2
    cexit.o                            10
    cmain.o                            30
    copy_init3.o                       44
    cstartup_M.o                       12
    data_init.o                        40
    -------------------------------------------------------
    Total:                            752

shb_l.a: [6]
    exit.o                             20
    -------------------------------------------------------
    Total:                             20

    Gaps                               14        2
    Linker created                              22    1 024
-----------------------------------------------------------
    Grand Total:                    5 230       54    1 038


*******************************************************************************
*** ENTRY LIST
***

Entry                      Address   Size  Type      Object
-----                      -------   ----  ----      ------
.iar.init_table$$Base   0x0800127c          --   Gb  - Linker created -
.iar.init_table$$Limit  0x08001290          --   Gb  - Linker created -
?main                   0x08001291         Code  Gb  cmain.o [5]
AHBPrescTable           0x08001300   0x10  Data  Gb  system_stm32f4xx.o [1]
CSTACK$$Base            0x20000010          --   Gb  - Linker created -
CSTACK$$Limit           0x20000410          --   Gb  - Linker created -
HAL_GPIO_Init           0x080007f5  0x1ec  Code  Gb  stm32f4xx_hal_gpio.o [1]
HAL_GPIO_WritePin       0x080009e1   0x14  Code  Gb  stm32f4xx_hal_gpio.o [1]
HAL_GetREVID            0x08001167    0x8  Code  Gb  stm32f4xx_hal.o [1]
HAL_GetTick             0x0800059d    0xc  Code  Wk  stm32f4xx_hal.o [1]
HAL_Init                0x0800112d   0x3a  Code  Gb  stm32f4xx_hal.o [1]
HAL_InitTick            0x08000e81   0x4c  Code  Wk  stm32f4xx_hal.o [1]
HAL_MspInit             0x08001179    0x2  Code  Gb  stm32f4xx_hal_msp_template.o [1]
HAL_NVIC_SetPriority    0x08000f89   0x22  Code  Gb  stm32f4xx_hal_cortex.o [1]
HAL_NVIC_SetPriorityGrouping
                        0x08000f81    0x8  Code  Gb  stm32f4xx_hal_cortex.o [1]
HAL_RCC_ClockConfig     0x08000c95  0x14c  Code  Gb  stm32f4xx_hal_rcc.o [1]
HAL_RCC_OscConfig       0x08000189  0x414  Code  Wk  stm32f4xx_hal_rcc.o [1]
HAL_SYSTICK_CLKSourceConfig
                        0x08000fb3   0x20  Code  Gb  stm32f4xx_hal_cortex.o [1]
HAL_SYSTICK_Config      0x08000fab    0x8  Code  Gb  stm32f4xx_hal_cortex.o [1]
NVIC_EncodePriority     0x08000f15   0x3e  Code  Lc  stm32f4xx_hal_cortex.o [1]
Region$$Table$$Base     0x0800127c          --   Gb  - Linker created -
Region$$Table$$Limit    0x08001290          --   Gb  - Linker created -
Stm32_Clock_Init        0x08000ff1   0xb6  Code  Gb  sysclk.o [1]
SysTick_Config          0x08000f53   0x2e  Code  Lc  stm32f4xx_hal_cortex.o [1]
SystemCoreClock         0x20000004    0x4  Data  Gb  system_stm32f4xx.o [1]
SystemInit              0x080012ed    0xe  Code  Gb  system_stm32f4xx.o [1]
__NVIC_GetPriorityGrouping
                        0x08000ee9    0xa  Code  Lc  stm32f4xx_hal_cortex.o [1]
__NVIC_SetPriority      0x08000ef3   0x22  Code  Lc  stm32f4xx_hal_cortex.o [1]
__NVIC_SetPriorityGrouping
                        0x08000ecd   0x1c  Code  Lc  stm32f4xx_hal_cortex.o [1]
__aeabi_ldiv0           0x08000c91         Code  Gb  I64DivZer.o [5]
__aeabi_memclr4         0x080007ed         Code  Gb  ABImemclr4.o [5]
__aeabi_uldivmod        0x08000a61         Code  Gb  I64DivMod.o [5]
__cmain                 0x08001291         Code  Gb  cmain.o [5]
__exit                  0x080012d9   0x14  Code  Gb  exit.o [6]
__iar_Memset4_word      0x08000a2d         Code  Gb  ABImemset48.o [5]
__iar_Memset8_word      0x08000a2d         Code  Gb  ABImemset48.o [5]
__iar_copy_init3        0x08001205   0x2c  Code  Gb  copy_init3.o [5]
__iar_data_init3        0x08001231   0x28  Code  Gb  data_init.o [5]
__iar_init_vfp          0x08001259         Code  Gb  fpinit_M.o [4]
__iar_program_start     0x08001331         Code  Gb  cstartup_M.o [5]
__iar_systems$$module {Abs}
                        0x00000001         Data  Gb  command line/config [2]
__low_level_init        0x080012af    0x4  Code  Gb  low_level_init.o [3]
__vector_table          0x08000000         Data  Gb  startup_stm32f407xx.o [1]
_call_main              0x0800129d         Code  Gb  cmain.o [5]
_exit                   0x080012cd         Code  Gb  cexit.o [5]
_main                   0x080012ab         Code  Gb  cmain.o [5]
delay_init              0x080010a7   0x10  Code  Gb  sysclk.o [1]
delay_ms                0x08001111   0x1a  Code  Gb  sysclk.o [1]
delay_us                0x080010b7   0x3c  Code  Gb  sysclk.o [1]
drv_gpio_clrbit         0x080007e1    0xc  Code  Gb  gpio.o [1]
drv_gpio_open           0x080005a9  0x204  Code  Gb  gpio.o [1]
drv_gpio_setbit         0x080007d5    0xc  Code  Gb  gpio.o [1]
exit                    0x080012c9    0x4  Code  Gb  exit.o [3]
fac_us                  0x2000000d    0x1  Data  Lc  sysclk.o [1]
main                    0x080012b3   0x16  Code  Gb  app.o [1]
task_term               0x0800117d   0x88  Code  Gb  device_term.o [1]
uwTick                  0x20000008    0x4  Data  Gb  stm32f4xx_hal.o [1]
uwTickFreq              0x2000000c    0x1  Data  Gb  stm32f4xx_hal.o [1]
uwTickPrio              0x20000000    0x4  Data  Gb  stm32f4xx_hal.o [1]


[1] = E:\D.学习资料\9、stm32f4开发板\Stm32f407_Poject_Demo_V1.0--(裸机工程)\project\Debug\Obj
[2] = command line
[3] = dl7M_tln.a
[4] = m7M_tls.a
[5] = rt7M_tl.a
[6] = shb_l.a

  5 230 bytes of readonly  code memory
     54 bytes of readonly  data memory
  1 038 bytes of readwrite data memory

Errors: none
Warnings: none
